 operating system is UNIX !
 hostname is lcbcpc78

   OpenMP run-time library returned nthreads = 22

 dscf (lcbcpc78) : TURBOMOLE V7.1 ( 20648 ) 9 Jun 2016 at 12:13:16
 Copyright (C) 2016 TURBOMOLE GmbH, Karlsruhe


    2018-06-07 15:59:40.441 



                             d s c f - program

                   idea & directorship : reinhart ahlrichs
                   program development : marco haeser
                                         michael baer
                           dft version : oliver treutler


                          quantum chemistry group
                          universitaet  karlsruhe
                                  germany




                          References             
                                                 
          TURBOMOLE:                             
              R. Ahlrichs, M. Baer, M. Haeser, H. Horn, and
              C. Koelmel
              Electronic structure calculations on workstation
              computers: the program system TURBOMOLE
              Chem. Phys. Lett. 162: 165 (1989)
          Density Functional:                              
              O. Treutler and R. Ahlrichs                      
              Efficient Molecular Numerical Integration Schemes
              J. Chem. Phys. 102: 346 (1995)                   
          Parallel Version:                                
              Performance of parallel TURBOMOLE for Density    
              Functional Calculations                          
              M. v. Arnim and R. Ahlrichs                      
              J. Comp. Chem. 19: 1746 (1998)                   
                                         




              +--------------------------------------------------+
              | Atomic coordinate, charge and isotop information |
              +--------------------------------------------------+

                    atomic coordinates            atom    charge  isotop
         11.25777196   14.56520465   14.13428415    o      8.000     0
         16.92694484   13.78789387   14.22387328    o      8.000     0
         13.06867200   14.38283420   14.09506881    h      1.000     0
         10.85848592   15.83734893   12.91071739    h      1.000     0
         17.53984131   12.15680312   13.72370240    h      1.000     0
         17.78310138   14.20040930   15.76760744    h      1.000     0
 
       center of nuclear mass  :   14.17294600   14.17294600   14.17294600
       center of nuclear charge:   14.23639175   14.17010919   14.16811777

              +--------------------------------------------------+
              |               basis set information              |
              +--------------------------------------------------+

              we will work with the 1s 3p 5d 7f 9g ... basis set
              ...i.e. with spherical basis functions...

   type   atoms  prim   cont   basis
   ---------------------------------------------------------------------------
    o        2     34     14   cc-pVDZ   [3s2p1d|17s4p1d]
    h        4      7      5   cc-pVDZ   [2s1p|4s1p]
   ---------------------------------------------------------------------------
   total:    6     96     48
   ---------------------------------------------------------------------------

   total number of primitive shells          :   27
   total number of contracted shells         :   24
   total number of cartesian basis functions :   50
   total number of SCF-basis functions       :   48


 integral neglect threshold       :  0.67E-10
 integral storage threshold THIZE :  0.10E-04
 integral storage threshold THIME :         5


 DENSITY CONVERGENCE CHECK SWITCHED ON !
 SCF CONVERGENCE IF RMS(delta[D]) <     0.1000000000E-06


 symmetry group of the molecule :   c1 

 the group has the following generators :
   c1(z)

    1 symmetry operations found

 there are 1 real representations :   a   

 maximum number of shells which are related by symmetry :  1


    mo occupation :
   irrep   mo's   occupied
    a       48       10
 
 number of basis functions   :           48
 number of occupied orbitals :           10
 

 automatic virtual orbital shift switched on 
      shift if e(lumo)-e(homo) < 0.10000000    


          ------------------------
          nuclear repulsion energy  :   35.8203722847    
          ------------------------

 
          -----------------
          -S,T+V- integrals
          -----------------

 1e-integrals will be neglected if expon. factor < 0.668392E-11
 
   Difference densities algorithm switched on.
   The maximal number of linear combinations of
   difference densities is          20 .

 DIIS switched on: error vector is FDS-SDF
 Max. Iterations for DIIS is     :   5
 DIIS matrix (see manual) 
    Scaling factor of diagonals  :  1.200
    threshold for scaling factor :  0.000

 scf convergence criterion : increment of total energy < .1000000D-06
                  and increment of one-electron energy < .1000000D-03


 <geterg> : there is no data group $energy 

  MOs are in ASCII format !


 reading orbital data $scfmo  from file mos
 orbital characterization : expanded
 mo provided and orthogonalized by Cholesky decomposition

 DSCF restart information will be dumped onto file mos

 
                                              current damping :  0.300
 ITERATION  ENERGY          1e-ENERGY        2e-ENERGY     RMS[dD(SAO)]   TOL
   1  -151.63530043423    -283.64177304     96.186100317    0.000D+00 0.667D-10
          max. resid. norm for Fia-block=  2.850D-01 for orbital      2a         
          max. resid. fock norm         =  1.456D+00 for orbital     47a         
          Delta Eig. =    47.8378061700 eV 
 
                                              current damping :  0.250
 ITERATION  ENERGY          1e-ENERGY        2e-ENERGY     RMS[dD(SAO)]   TOL
   2  -152.01395625156    -280.81882686     92.984498324    0.199D-01 0.443D-10
          Norm of current diis error: 0.56075    
          max. resid. norm for Fia-block=  9.727D-02 for orbital      2a         
          max. resid. fock norm         =  1.018D-01 for orbital     34a         
          Delta Eig. =     9.1581930921 eV 
 
                                              current damping :  0.200
 ITERATION  ENERGY          1e-ENERGY        2e-ENERGY     RMS[dD(SAO)]   TOL
   3  -152.05467125196    -281.44842359     93.573380049    0.733D-02 0.346D-10
          Norm of current diis error: 0.19112    
          max. resid. norm for Fia-block=  3.517D-02 for orbital      7a         
          max. resid. fock norm         =  3.784D-02 for orbital     18a         
          Delta Eig. =     2.7800872113 eV 
 
                                              current damping :  0.250
 ITERATION  ENERGY          1e-ENERGY        2e-ENERGY     RMS[dD(SAO)]   TOL
   4  -152.06144045883    -281.16759751     93.285784764    0.310D-02 0.304D-10
          Norm of current diis error: 0.61038E-01
          max. resid. norm for Fia-block=  1.194D-02 for orbital      7a         
          max. resid. fock norm         =  1.238D-02 for orbital      7a         
          Delta Eig. =     0.4146415175 eV 
 
                                              current damping :  0.300
 ITERATION  ENERGY          1e-ENERGY        2e-ENERGY     RMS[dD(SAO)]   TOL
   5  -152.06221438377    -281.22079429     93.338207623    0.101D-02 0.281D-10
          Norm of current diis error: 0.20829E-01
          max. resid. norm for Fia-block=  5.468D-03 for orbital      7a         
          max. resid. fock norm         =  5.606D-03 for orbital      7a         
 mo-orthogonalization: Cholesky decomposition
          Delta Eig. =     0.0879929739 eV 
 
                                              current damping :  0.350
 ITERATION  ENERGY          1e-ENERGY        2e-ENERGY     RMS[dD(SAO)]   TOL
   6  -152.06232499553    -281.21489423     93.332196954    0.394D-03 0.261D-10
          Norm of current diis error: 0.78084E-02
          max. resid. norm for Fia-block=  2.239D-03 for orbital      7a         
          max. resid. fock norm         =  2.302D-03 for orbital      7a         
          Delta Eig. =     0.0154629300 eV 
 
                                              current damping :  0.400
 ITERATION  ENERGY          1e-ENERGY        2e-ENERGY     RMS[dD(SAO)]   TOL
   7  -152.06234244551    -281.21514461     93.332429882    0.157D-03 0.243D-10
          Norm of current diis error: 0.30962E-02
          max. resid. norm for Fia-block=  9.846D-04 for orbital      7a         
          max. resid. fock norm         =  1.011D-03 for orbital      7a         
          Delta Eig. =     0.0049384361 eV 
 
                                              current damping :  0.450
 ITERATION  ENERGY          1e-ENERGY        2e-ENERGY     RMS[dD(SAO)]   TOL
   8  -152.06234542915    -281.21444326     93.331725551    0.658D-04 0.230D-10
          Norm of current diis error: 0.12838E-02
          max. resid. norm for Fia-block=  4.232D-04 for orbital      7a         
          max. resid. fock norm         =  4.348D-04 for orbital      7a         
          Delta Eig. =     0.0024133274 eV 
 
                                              current damping :  0.300
 ITERATION  ENERGY          1e-ENERGY        2e-ENERGY     RMS[dD(SAO)]   TOL
   9  -152.06234596350    -281.21441592     93.331697672    0.282D-04 0.221D-10
          Norm of current diis error: 0.52903E-03
          max. resid. norm for Fia-block=  1.847D-04 for orbital      7a         
          max. resid. fock norm         =  1.893D-04 for orbital      7a         
          Delta Eig. =     0.0011574628 eV 
 
                                              current damping :  0.150
 ITERATION  ENERGY          1e-ENERGY        2e-ENERGY     RMS[dD(SAO)]   TOL
  10  -152.06234606033    -281.21417910     93.331460757    0.134D-04 0.211D-10
          Norm of current diis error: 0.16851E-03
          max. resid. norm for Fia-block=  5.628D-05 for orbital      7a         
          max. resid. fock norm         =  5.793D-05 for orbital      7a         
 mo-orthogonalization: Cholesky decomposition
          Delta Eig. =     0.0005413831 eV 
 
                                              current damping :  0.200
 ITERATION  ENERGY          1e-ENERGY        2e-ENERGY     RMS[dD(SAO)]   TOL
  11  -152.06234607034    -281.21421177     93.331493413    0.484D-05 0.201D-10
          Norm of current diis error: 0.38454E-04
          max. resid. norm for Fia-block=  1.240D-05 for orbital      7a         
          max. resid. fock norm         =  1.265D-05 for orbital      7a         
          Delta Eig. =     0.0002484237 eV 
 
                                              current damping :  0.250
 ITERATION  ENERGY          1e-ENERGY        2e-ENERGY     RMS[dD(SAO)]   TOL
  12  -152.06234607059    -281.21416870     93.331450348    0.934D-06 0.195D-10
          Norm of current diis error: 0.95770E-05
          max. resid. norm for Fia-block=  2.284D-06 for orbital      8a         
          max. resid. fock norm         =  2.439D-06 for orbital      8a         
          Delta Eig. =     0.0000977565 eV 

 ENERGY & DENSITY CONVERGED !

 
                                              current damping :  0.300
 ITERATION  ENERGY          1e-ENERGY        2e-ENERGY     RMS[dD(SAO)]   TOL
  13  -152.06234607119    -281.21418177     93.331463419    0.196D-06 0.190D-10
          max. resid. norm for Fia-block=  5.776D-07 for orbital      7a         
          max. resid. fock norm         =  5.989D-07 for orbital      7a         

 convergence criteria satisfied after 13 iterations


                  ------------------------------------------ 
                 |  total energy      =   -152.06234607119  |
                  ------------------------------------------ 
                 :  kinetic energy    =    151.94719152478  :
                 :  potential energy  =   -304.00953759597  :
                 :  virial theorem    =      1.99924271492  :
                 :  wavefunction norm =      1.00000000000  :
                  .......................................... 


 <geterg> : there is no data group $energy 


 <skperg> : $end is missing 


 orbitals $scfmo  will be written to file mos

    irrep                  6a          7a          8a          9a         10a   
 eigenvalues H         -0.67502    -0.59409    -0.53517    -0.51684    -0.46242
            eV         -18.3684    -16.1660    -14.5628    -14.0640    -12.5833
 occupation              2.0000      2.0000      2.0000      2.0000      2.0000 

    irrep                 11a         12a         13a         14a         15a   
 eigenvalues H          0.16397     0.22980     0.24081     0.36718     0.76827
            eV           4.4618      6.2532      6.5528      9.9917     20.9059
 
 
 
 
 ==============================================================================
                           electrostatic moments
 ==============================================================================

 reference point for electrostatic moments:    0.00000   0.00000   0.00000

 
              nuc           elec       ->  total
 ------------------------------------------------------------------------------
                          charge      
 ------------------------------------------------------------------------------
          20.000000     -20.000000       0.000000
 
 ------------------------------------------------------------------------------
                       dipole moment  
 ------------------------------------------------------------------------------
   x     284.727835    -283.469900       1.257935
   y     283.402184    -283.495100      -0.092917
   z     283.362355    -283.421500      -0.059145
 
   | dipole moment | =     1.2627 a.u. =     3.2096 debye 
 
 ------------------------------------------------------------------------------
                     quadrupole moment
 ------------------------------------------------------------------------------
  xx    4218.652761   -4191.266994      27.385766
  yy    4025.136658   -4035.249827     -10.113169
  zz    4019.087516   -4029.017969      -9.930452
  xy    4004.559261   -3991.247444      13.311817
  xz    4044.601327   -4024.404178      20.197150
  yz    4013.829373   -4016.329277      -2.499905
 
     1/3  trace=       2.447382
     anisotropy=      56.333723
 
 ==============================================================================
 


    ------------------------------------------------------------------------
         total  cpu-time :  27.40 seconds
         total wall-time :   2.26 seconds
    ------------------------------------------------------------------------

   ****  dscf : all done  ****


    2018-06-07 15:59:42.617 

